Microchip MPLAB XC8 Compiler V2.10 ()

Linker command line:

-W-3 --edf=C:\Program Files (x86)\Microchip\xc8\v2.10\pic\dat\en_msgs.txt \
  -cs \
  -h+dist/Mini_board_config/production\Lab6_Demineur_SJ.X.production.sym \
  --cmf=dist/Mini_board_config/production\Lab6_Demineur_SJ.X.production.cmf \
  -z -Q18F45K20 -oC:\Users\Symon4k\AppData\Local\Temp\s94o.2 \
  --defsym=__MPLAB_BUILD=1 \
  -Mdist/Mini_board_config/production/Lab6_Demineur_SJ.X.production.map -E1 \
  -ver=XC8 --acfsm=1493 -ASTACK=0194h-05FFh -pstack=STACK -ACODE=00h-07FFFh \
  -ACONST=00h-07FFFh -ASMALLCONST=0600h-06FFhx122 \
  -AMEDIUMCONST=0600h-07FFFh -ACOMRAM=01h-05Fh -AABS1=00h-05FFh \
  -ABIGRAM=01h-05FFh -ARAM=060h-0FFh,0100h-01FFhx5 -ABANK0=060h-0FFh \
  -ABANK1=0100h-01FFh -ABANK2=0200h-02FFh -ABANK3=0300h-03FFh \
  -ABANK4=0400h-04FFh -ABANK5=0500h-05FFh -ASFR=0F60h-0FFFh \
  -preset_vec=00h,intcode,intcodelo,powerup,init -pramtop=0600h \
  -psmallconst=SMALLCONST -pmediumconst=MEDIUMCONST -pconst=CONST \
  -AFARRAM=00h-00h -ACONFIG=0300000h-030000Dh -pconfig=CONFIG \
  -AIDLOC=0200000h-0200007h -pidloc=IDLOC -AEEDATA=0F00000h-0F000FFh \
  -peeprom_data=EEDATA \
  -prdata=COMRAM,nvrram=COMRAM,nvbit=COMRAM,rbss=COMRAM,rbit=COMRAM \
  -pfarbss=FARRAM,fardata=FARRAM,nvFARRAM=FARRAM \
  -pintsave_regs=BIGRAM,bigbss=BIGRAM,bigdata=BIGRAM -pbss=RAM \
  -pidata=CODE,irdata=CODE,ibigdata=CODE,ifardata=CODE -pparam0=BANK0 \
  C:\Users\Symon4k\AppData\Local\Temp\s94o.o \
  dist/Mini_board_config/production\Lab6_Demineur_SJ.X.production.o 

Object code version is 3.11

Machine type is 18F45K20

Call graph: (short form)




                Name                               Link     Load   Length Selector   Space Scale
C:\Users\Symon4k\AppData\Local\Temp\s94o.o
                init                                  0        0        4        0       0
                idloc                            200000   200000        8   200000       0
                config                           300000   300000        E   300000       0
dist/Mini_board_config/production\Lab6_Demineur_SJ.X.production.o
                smallconst                          600      600       3C      300       0
                text37                             2348     2348        6      31E       0
                text36                             216A     216A       42      31E       0
                text35                             22EE     22EE       1C      31E       0
                text34                             2340     2340        8      31E       0
                text33                             1F22     1F22       6C      31E       0
                text32                             1D68     1D68       72      31E       0
                text31                             2220     2220       34      31E       0
                text30                             2116     2116       54      31E       0
                text29                             1A44     1A44       B4      31E       0
                text28                             1E48     1E48       6E      31E       0
                text27                             1DDA     1DDA       6E      31E       0
                text26                             22A8     22A8       28      31E       0
                text25                              ACA      ACA      37A      31E       0
                text24                             10BC     10BC      262      31E       0
                text23                             2254     2254       2C      31E       0
                text22                             171E     171E      186      31E       0
                text21                             231A     231A        E      31E       0
                text20                             1FF8     1FF8       6A      31E       0
                text19                              E44      E44      278      31E       0
                text18                             18A4     18A4       DE      31E       0
                text17                             22D0     22D0       1E      31E       0
                text16                             230A     230A       10      31E       0
                text15                             21EC     21EC       34      31E       0
                text14                             2338     2338        8      31E       0
                text13                             1BAA     1BAA       A2      31E       0
                text12                             1F8E     1F8E       6A      31E       0
                text11                             2280     2280       28      31E       0
                text10                             2330     2330        8      31E       0
                text9                              2328     2328        8      31E       0
                text8                              1CE2     1CE2       86      31E       0
                text7                               63C      63C      48E      31E       0
                text6                              155E     155E      1C0      31E       0
                text5                              1AF8     1AF8       B2      31E       0
                text4                              1EB6     1EB6       6C      31E       0
                text3                              20C0     20C0       56      31E       0
                text2                              1C4C     1C4C       96      31E       0
                text1                              1982     1982       C2      31E       0
                text0                              131E     131E      240      31E       0
                cstackBANK0                          B4       B4       42       60       1
                dataBANK1                           154      154       40      100       1
                bssBANK1                            100      100       54      100       1
                dataBANK0                            F6       F6        4       60       1
                bssBANK0                             60       60       54       60       1
                cinit                              2062     2062       5E      31E       0
                idataBANK1                         21AC     21AC       40      31E       0
                idataBANK0                         234E     234E        4      31E       0

TOTAL           Name                               Link     Load   Length     Space
        CLASS   STACK          

        CLASS   CODE           
                init                                  0        0        4         0
                text37                             2348     2348        6         0
                text36                             216A     216A       42         0
                text35                             22EE     22EE       1C         0
                text34                             2340     2340        8         0
                text33                             1F22     1F22       6C         0
                text32                             1D68     1D68       72         0
                text31                             2220     2220       34         0
                text30                             2116     2116       54         0
                text29                             1A44     1A44       B4         0
                text28                             1E48     1E48       6E         0
                text27                             1DDA     1DDA       6E         0
                text26                             22A8     22A8       28         0
                text25                              ACA      ACA      37A         0
                text24                             10BC     10BC      262         0
                text23                             2254     2254       2C         0
                text22                             171E     171E      186         0
                text21                             231A     231A        E         0
                text20                             1FF8     1FF8       6A         0
                text19                              E44      E44      278         0
                text18                             18A4     18A4       DE         0
                text17                             22D0     22D0       1E         0
                text16                             230A     230A       10         0
                text15                             21EC     21EC       34         0
                text14                             2338     2338        8         0
                text13                             1BAA     1BAA       A2         0
                text12                             1F8E     1F8E       6A         0
                text11                             2280     2280       28         0
                text10                             2330     2330        8         0
                text9                              2328     2328        8         0
                text8                              1CE2     1CE2       86         0
                text7                               63C      63C      48E         0
                text6                              155E     155E      1C0         0
                text5                              1AF8     1AF8       B2         0
                text4                              1EB6     1EB6       6C         0
                text3                              20C0     20C0       56         0
                text2                              1C4C     1C4C       96         0
                text1                              1982     1982       C2         0
                text0                              131E     131E      240         0
                cinit                              2062     2062       5E         0
                idataBANK1                         21AC     21AC       40         0
                idataBANK0                         234E     234E        4         0

        CLASS   CONST          

        CLASS   SMALLCONST     
                smallconst                          600      600       3C         0

        CLASS   MEDIUMCONST    

        CLASS   COMRAM         

        CLASS   ABS1           

        CLASS   BIGRAM         

        CLASS   RAM            

        CLASS   BANK0          
                cstackBANK0                          B4       B4       42         1
                dataBANK0                            F6       F6        4         1
                bssBANK0                             60       60       54         1

        CLASS   BANK1          
                dataBANK1                           154      154       40         1
                bssBANK1                            100      100       54         1

        CLASS   BANK2          

        CLASS   BANK3          

        CLASS   BANK4          

        CLASS   BANK5          

        CLASS   SFR            

        CLASS   FARRAM         

        CLASS   CONFIG         
                config                           300000   300000        E         0

        CLASS   IDLOC          
                idloc                            200000   200000        8         0

        CLASS   EEDATA         



SEGMENTS        Name                           Load    Length   Top    Selector   Space  Class

                reset_vec                      000000  000004  000004         0       0  CODE    
                bssBANK0                       000060  00009A  0000FA        60       1  BANK0   
                bssBANK1                       000100  000094  000194       100       1  BANK1   
                smallconst                     000600  00003C  00063C       300       0  SMALLCON
                text7                          00063C  001D16  002352       31E       0  CODE    
                idloc                          200000  000008  200008    200000       0  IDLOC   
                config                         300000  00000E  30000E    300000       0  CONFIG  


UNUSED ADDRESS RANGES

        Name                Unused          Largest block    Delta
        BANK0            0000FA-0000FF                6
        BANK1            000194-0001FF               6C
        BANK2            000200-0002FF              100
        BANK3            000300-0003FF              100
        BANK4            000400-0004FF              100
        BANK5            000500-0005FF              100
        BIGRAM           000001-00005F               5F
                         0000FA-0000FF                6
                         000194-0005FF              46C
        CODE             000004-0005FF              5FC
                         002352-007FFF             5CAE
        COMRAM           000001-00005F               5F
        CONST            000004-0005FF              5FC
                         002352-007FFF             5CAE
        EEDATA           F00000-F000FF              100
        MEDIUMCONST      002352-007FFF             5CAE
        RAM              0000FA-0000FF                6
                         000194-0005FF              100
        SFR              000F60-000FFF               A0
        SMALLCONST       002352-007FFF              100
        STACK            000194-0005FF              46C

                                  Symbol Table

?___awmod                        cstackBANK0  0000C2
?___lmul                         cstackBANK0  0000B4
?___wmul                         cstackBANK0  0000B4
?_rand                           cstackBANK0  0000C0
_ADCON0bits                      (abs)        000FC2
_ADCON1                          (abs)        000FC1
_ADCON2bits                      (abs)        000FC0
_ADRESH                          (abs)        000FC4
_ANSEL                           (abs)        000F7E
_ANSELH                          (abs)        000F7F
_ANSELbits                       (abs)        000F7E
_BAUDCONbits                     (abs)        000FB8
_PORTAbits                       (abs)        000F80
_PORTBbits                       (abs)        000F81
_PORTD                           (abs)        000F83
_RCIF                            (abs)        007CF5
_RCREG                           (abs)        000FAE
_RCSTAbits                       (abs)        000FAB
_SPBRG                           (abs)        000FAF
_SPBRGH                          (abs)        000FB0
_T1CONbits                       (abs)        000FCD
_TMR1                            (abs)        000FCE
_TRISA                           (abs)        000F92
_TRISB                           (abs)        000F93
_TRISCbits                       (abs)        000F94
_TRISD                           (abs)        000F95
_TXREG                           (abs)        000FAD
_TXSTAbits                       (abs)        000FAC
__CFG_BOREN$SBORDIS              (abs)        000000
__CFG_BORV$18                    (abs)        000000
__CFG_CCP2MX$PORTC               (abs)        000000
__CFG_CP0$OFF                    (abs)        000000
__CFG_CP1$OFF                    (abs)        000000
__CFG_CP2$OFF                    (abs)        000000
__CFG_CP3$OFF                    (abs)        000000
__CFG_CPB$OFF                    (abs)        000000
__CFG_CPD$OFF                    (abs)        000000
__CFG_EBTR0$OFF                  (abs)        000000
__CFG_EBTR1$OFF                  (abs)        000000
__CFG_EBTR2$OFF                  (abs)        000000
__CFG_EBTR3$OFF                  (abs)        000000
__CFG_EBTRB$OFF                  (abs)        000000
__CFG_FCMEN$OFF                  (abs)        000000
__CFG_FOSC$INTIO67               (abs)        000000
__CFG_HFOFST$ON                  (abs)        000000
__CFG_IESO$OFF                   (abs)        000000
__CFG_LPT1OSC$OFF                (abs)        000000
__CFG_LVP$OFF                    (abs)        000000
__CFG_MCLRE$ON                   (abs)        000000
__CFG_PBADEN$ON                  (abs)        000000
__CFG_PWRT$OFF                   (abs)        000000
__CFG_STVREN$ON                  (abs)        000000
__CFG_WDTEN$OFF                  (abs)        000000
__CFG_WDTPS$32768                (abs)        000000
__CFG_WRT0$OFF                   (abs)        000000
__CFG_WRT1$OFF                   (abs)        000000
__CFG_WRT2$OFF                   (abs)        000000
__CFG_WRT3$OFF                   (abs)        000000
__CFG_WRTB$OFF                   (abs)        000000
__CFG_WRTC$OFF                   (abs)        000000
__CFG_WRTD$OFF                   (abs)        000000
__CFG_XINST$OFF                  (abs)        000000
__HRAM                           (abs)        000000
__Habs1                          abs1         000000
__Hbank0                         bank0        000000
__Hbank1                         bank1        000000
__Hbank2                         bank2        000000
__Hbank3                         bank3        000000
__Hbank4                         bank4        000000
__Hbank5                         bank5        000000
__Hbigbss                        bigbss       000000
__Hbigdata                       bigdata      000000
__Hbigram                        bigram       000000
__Hbss                           bss          000000
__HbssBANK0                      bssBANK0     000000
__HbssBANK1                      bssBANK1     000000
__Hcinit                         cinit        000000
__Hclrtext                       clrtext      000000
__Hcomram                        comram       000000
__Hconfig                        config       30000E
__Hconst                         const        000000
__HcstackBANK0                   cstackBANK0  000000
__Hdata                          data         000000
__HdataBANK0                     dataBANK0    000000
__HdataBANK1                     dataBANK1    000000
__Heeprom_data                   eeprom_data  000000
__Hfarbss                        farbss       000000
__Hfardata                       fardata      000000
__Hibigdata                      ibigdata     000000
__Hidata                         idata        000000
__HidataBANK0                    idataBANK0   000000
__HidataBANK1                    idataBANK1   000000
__Hidloc                         idloc        200008
__Hifardata                      ifardata     000000
__Hinit                          init         000004
__Hintcode                       intcode      000000
__Hintcode_body                  intcode_body 000000
__Hintcodelo                     intcodelo    000000
__Hintentry                      intentry     000000
__Hintret                        intret       000000
__Hintsave_regs                  intsave_regs 000000
__Hirdata                        irdata       000000
__Hmediumconst                   mediumconst  000000
__HnvFARRAM                      nvFARRAM     000000
__Hnvbit                         nvbit        000000
__Hnvrram                        nvrram       000000
__Hparam                         param0       000000
__Hparam0                        param0       000000
__Hpowerup                       powerup      000000
__Hram                           ram          000000
__Hramtop                        ramtop       000600
__Hrbit                          rbit         000000
__Hrbss                          rbss         000000
__Hrdata                         rdata        000000
__Hreset_vec                     reset_vec    000000
__Hsfr                           sfr          000000
__Hsmallconst                    smallconst   00063C
__Hspace_0                       (abs)        30000E
__Hspace_1                       (abs)        000194
__Hspace_2                       (abs)        000000
__Hstack                         stack        000000
__Hstruct                        struct       000000
__Htemp                          temp         000000
__Htext                          text         000000
__Htext0                         text0        000000
__Htext1                         text1        000000
__Htext10                        text10       000000
__Htext11                        text11       000000
__Htext12                        text12       000000
__Htext13                        text13       000000
__Htext14                        text14       000000
__Htext15                        text15       000000
__Htext16                        text16       000000
__Htext17                        text17       000000
__Htext18                        text18       000000
__Htext19                        text19       000000
__Htext2                         text2        000000
__Htext20                        text20       000000
__Htext21                        text21       000000
__Htext22                        text22       000000
__Htext23                        text23       000000
__Htext24                        text24       000000
__Htext25                        text25       000000
__Htext26                        text26       000000
__Htext27                        text27       000000
__Htext28                        text28       000000
__Htext29                        text29       000000
__Htext3                         text3        000000
__Htext30                        text30       000000
__Htext31                        text31       000000
__Htext32                        text32       000000
__Htext33                        text33       000000
__Htext34                        text34       000000
__Htext35                        text35       000000
__Htext36                        text36       000000
__Htext37                        text37       000000
__Htext4                         text4        000000
__Htext5                         text5        000000
__Htext6                         text6        000000
__Htext7                         text7        000000
__Htext8                         text8        000000
__Htext9                         text9        000000
__LRAM                           (abs)        000001
__Labs1                          abs1         000000
__Lbank0                         bank0        000000
__Lbank1                         bank1        000000
__Lbank2                         bank2        000000
__Lbank3                         bank3        000000
__Lbank4                         bank4        000000
__Lbank5                         bank5        000000
__Lbigbss                        bigbss       000000
__Lbigdata                       bigdata      000000
__Lbigram                        bigram       000000
__Lbss                           bss          000000
__LbssBANK0                      bssBANK0     000000
__LbssBANK1                      bssBANK1     000000
__Lcinit                         cinit        000000
__Lclrtext                       clrtext      000000
__Lcomram                        comram       000000
__Lconfig                        config       300000
__Lconst                         const        000000
__LcstackBANK0                   cstackBANK0  000000
__Ldata                          data         000000
__LdataBANK0                     dataBANK0    000000
__LdataBANK1                     dataBANK1    000000
__Leeprom_data                   eeprom_data  000000
__Lfarbss                        farbss       000000
__Lfardata                       fardata      000000
__Libigdata                      ibigdata     000000
__Lidata                         idata        000000
__LidataBANK0                    idataBANK0   000000
__LidataBANK1                    idataBANK1   000000
__Lidloc                         idloc        200000
__Lifardata                      ifardata     000000
__Linit                          init         000000
__Lintcode                       intcode      000000
__Lintcode_body                  intcode_body 000000
__Lintcodelo                     intcodelo    000000
__Lintentry                      intentry     000000
__Lintret                        intret       000000
__Lintsave_regs                  intsave_regs 000000
__Lirdata                        irdata       000000
__Lmediumconst                   mediumconst  000000
__LnvFARRAM                      nvFARRAM     000000
__Lnvbit                         nvbit        000000
__Lnvrram                        nvrram       000000
__Lparam                         param0       000000
__Lparam0                        param0       000000
__Lpowerup                       powerup      000000
__Lram                           ram          000000
__Lramtop                        ramtop       000600
__Lrbit                          rbit         000000
__Lrbss                          rbss         000000
__Lrdata                         rdata        000000
__Lreset_vec                     reset_vec    000000
__Lsfr                           sfr          000000
__Lsmallconst                    smallconst   000600
__Lspace_0                       (abs)        000000
__Lspace_1                       (abs)        000000
__Lspace_2                       (abs)        000000
__Lstack                         stack        000000
__Lstruct                        struct       000000
__Ltemp                          temp         000000
__Ltext                          text         000000
__Ltext0                         text0        000000
__Ltext1                         text1        000000
__Ltext10                        text10       000000
__Ltext11                        text11       000000
__Ltext12                        text12       000000
__Ltext13                        text13       000000
__Ltext14                        text14       000000
__Ltext15                        text15       000000
__Ltext16                        text16       000000
__Ltext17                        text17       000000
__Ltext18                        text18       000000
__Ltext19                        text19       000000
__Ltext2                         text2        000000
__Ltext20                        text20       000000
__Ltext21                        text21       000000
__Ltext22                        text22       000000
__Ltext23                        text23       000000
__Ltext24                        text24       000000
__Ltext25                        text25       000000
__Ltext26                        text26       000000
__Ltext27                        text27       000000
__Ltext28                        text28       000000
__Ltext29                        text29       000000
__Ltext3                         text3        000000
__Ltext30                        text30       000000
__Ltext31                        text31       000000
__Ltext32                        text32       000000
__Ltext33                        text33       000000
__Ltext34                        text34       000000
__Ltext35                        text35       000000
__Ltext36                        text36       000000
__Ltext37                        text37       000000
__Ltext4                         text4        000000
__Ltext5                         text5        000000
__Ltext6                         text6        000000
__Ltext7                         text7        000000
__Ltext8                         text8        000000
__Ltext9                         text9        000000
__S0                             (abs)        30000E
__S1                             (abs)        000194
__S2                             (abs)        000000
___awmod                         text5        001AF8
___awmod@counter                 cstackBANK0  0000C6
___awmod@dividend                cstackBANK0  0000C2
___awmod@divisor                 cstackBANK0  0000C4
___awmod@sign                    cstackBANK0  0000C7
___inthi_sp                      stack        000000
___intlo_sp                      stack        000000
___lmul                          text4        001EB6
___lmul@multiplicand             cstackBANK0  0000B8
___lmul@multiplier               cstackBANK0  0000B4
___lmul@product                  cstackBANK0  0000BC
___param_bank                    (abs)        000000
___rparam_used                   (abs)        000000
___sp                            stack        000000
___wmul                          text26       0022A8
___wmul@multiplicand             cstackBANK0  0000B6
___wmul@multiplier               cstackBANK0  0000B4
___wmul@product                  cstackBANK0  0000B8
__accesstop                      (abs)        000060
__activetblptr                   (abs)        000003
__end_of___awmod                 text5        001BAA
__end_of___lmul                  text4        001F22
__end_of___wmul                  text26       0022D0
__end_of__initialization         cinit        0020BA
__end_of_afficheGagne            text20       002062
__end_of_afficheTabMines         text28       001EB6
__end_of_afficheTabVue           text27       001E48
__end_of_calculToucheCombien     text7        000ACA
__end_of_demine                  text24       00131E
__end_of_deplace                 text22       0018A4
__end_of_enleveTuilesAutour      text25       000E44
__end_of_gagne                   text19       0010BC
__end_of_getAnalog               text23       002280
__end_of_initTabVue              text18       001982
__end_of_init_serie              text17       0022EE
__end_of_initialisation          text15       002220
__end_of_lcd_busy                text36       0021AC
__end_of_lcd_cacheCurseur        text9        002330
__end_of_lcd_curseurHome         text14       002340
__end_of_lcd_ecrireDonnees       text35       00230A
__end_of_lcd_ecritChar           text30       00216A
__end_of_lcd_effaceAffichage     text21       002328
__end_of_lcd_gotoXY              text32       001DDA
__end_of_lcd_init                text11       0022A8
__end_of_lcd_initCGRam           text13       001C4C
__end_of_lcd_lireDonnees         text37       00234E
__end_of_lcd_montreCurseur       text10       002338
__end_of_lcd_putMessage          text29       001AF8
__end_of_lcd_resetSequence       text12       001FF8
__end_of_lcd_strobeEnableBit     text34       002348
__end_of_lcd_wrCom               text33       001F8E
__end_of_lcd_wrData              text31       002254
__end_of_main                    text0        00155E
__end_of_menuAccueil             text8        001D68
__end_of_metToucheCombien        text6        00171E
__end_of_rand                    text3        002116
__end_of_rempliMines             text1        001A44
__end_of_srand                   text16       00231A
__end_of_videMines               text2        001CE2
__end_ofmenuAccueil@F2903        smallconst   000629
__initialization                 cinit        002062
__mediumconst                    mediumconst  000000
__pbssBANK0                      bssBANK0     000060
__pbssBANK1                      bssBANK1     000100
__pcinit                         cinit        002062
__pcstackBANK0                   cstackBANK0  0000B4
__pdataBANK0                     dataBANK0    0000F6
__pdataBANK1                     dataBANK1    000154
__pidataBANK0                    idataBANK0   00234E
__pidataBANK1                    idataBANK1   0021AC
__psmallconst                    smallconst   000600
__ptext0                         text0        00131E
__ptext1                         text1        001982
__ptext10                        text10       002330
__ptext11                        text11       002280
__ptext12                        text12       001F8E
__ptext13                        text13       001BAA
__ptext14                        text14       002338
__ptext15                        text15       0021EC
__ptext16                        text16       00230A
__ptext17                        text17       0022D0
__ptext18                        text18       0018A4
__ptext19                        text19       000E44
__ptext2                         text2        001C4C
__ptext20                        text20       001FF8
__ptext21                        text21       00231A
__ptext22                        text22       00171E
__ptext23                        text23       002254
__ptext24                        text24       0010BC
__ptext25                        text25       000ACA
__ptext26                        text26       0022A8
__ptext27                        text27       001DDA
__ptext28                        text28       001E48
__ptext29                        text29       001A44
__ptext3                         text3        0020C0
__ptext30                        text30       002116
__ptext31                        text31       002220
__ptext32                        text32       001D68
__ptext33                        text33       001F22
__ptext34                        text34       002340
__ptext35                        text35       0022EE
__ptext36                        text36       00216A
__ptext37                        text37       002348
__ptext4                         text4        001EB6
__ptext5                         text5        001AF8
__ptext6                         text6        00155E
__ptext7                         text7        00063C
__ptext8                         text8        001CE2
__ptext9                         text9        002328
__ramtop                         ramtop       000600
__size_of___awmod                (abs)        000000
__size_of___lmul                 (abs)        000000
__size_of___wmul                 (abs)        000000
__size_of_afficheGagne           (abs)        000000
__size_of_afficheTabMines        (abs)        000000
__size_of_afficheTabVue          (abs)        000000
__size_of_calculToucheCombien    (abs)        000000
__size_of_demine                 (abs)        000000
__size_of_deplace                (abs)        000000
__size_of_enleveTuilesAutour     (abs)        000000
__size_of_gagne                  (abs)        000000
__size_of_getAnalog              (abs)        000000
__size_of_initTabVue             (abs)        000000
__size_of_init_serie             (abs)        000000
__size_of_initialisation         (abs)        000000
__size_of_lcd_busy               (abs)        000000
__size_of_lcd_cacheCurseur       (abs)        000000
__size_of_lcd_curseurHome        (abs)        000000
__size_of_lcd_ecrireDonnees      (abs)        000000
__size_of_lcd_ecritChar          (abs)        000000
__size_of_lcd_effaceAffichage    (abs)        000000
__size_of_lcd_gotoXY             (abs)        000000
__size_of_lcd_init               (abs)        000000
__size_of_lcd_initCGRam          (abs)        000000
__size_of_lcd_lireDonnees        (abs)        000000
__size_of_lcd_montreCurseur      (abs)        000000
__size_of_lcd_putMessage         (abs)        000000
__size_of_lcd_resetSequence      (abs)        000000
__size_of_lcd_strobeEnableBit    (abs)        000000
__size_of_lcd_wrCom              (abs)        000000
__size_of_lcd_wrData             (abs)        000000
__size_of_main                   (abs)        000000
__size_of_menuAccueil            (abs)        000000
__size_of_metToucheCombien       (abs)        000000
__size_of_rand                   (abs)        000000
__size_of_rempliMines            (abs)        000000
__size_of_srand                  (abs)        000000
__size_of_videMines              (abs)        000000
__smallconst                     smallconst   000600
_afficheGagne                    text20       001FF8
_afficheTabMines                 text28       001E48
_afficheTabVue                   text27       001DDA
_calculToucheCombien             text7        00063C
_demine                          text24       0010BC
_deplace                         text22       00171E
_enleveTuilesAutour              text25       000ACA
_gagne                           text19       000E44
_getAnalog                       text23       002254
_initTabVue                      text18       0018A4
_init_serie                      text17       0022D0
_initialisation                  text15       0021EC
_lcd_busy                        text36       00216A
_lcd_cacheCurseur                text9        002328
_lcd_curseurHome                 text14       002338
_lcd_ecrireDonnees               text35       0022EE
_lcd_ecritChar                   text30       002116
_lcd_effaceAffichage             text21       00231A
_lcd_gotoXY                      text32       001D68
_lcd_init                        text11       002280
_lcd_initCGRam                   text13       001BAA
_lcd_lireDonnees                 text37       002348
_lcd_montreCurseur               text10       002330
_lcd_putMessage                  text29       001A44
_lcd_resetSequence               text12       001F8E
_lcd_strobeEnableBit             text34       002340
_lcd_wrCom                       text33       001F22
_lcd_wrData                      text31       002220
_m_tabMines                      bssBANK0     000060
_m_tabVue                        bssBANK1     000100
_main                            text0        00131E
_matCGRAM                        dataBANK1    000154
_menuAccueil                     text8        001CE2
_metToucheCombien                text6        00155E
_rand                            text3        0020C0
_randx                           dataBANK0    0000F6
_rempliMines                     text1        001982
_srand                           text16       00230A
_videMines                       text2        001C4C
afficheTabMines@i                cstackBANK0  0000C4
afficheTabVue@i                  cstackBANK0  0000C4
calculToucheCombien@colonne      cstackBANK0  0000BC
calculToucheCombien@ligne        cstackBANK0  0000BA
calculToucheCombien@nombreTouche cstackBANK0  0000C3
demine@x                         cstackBANK0  0000D1
demine@y                         cstackBANK0  0000C8
deplace@x                        cstackBANK0  0000B9
deplace@y                        cstackBANK0  0000BB
end_of_initialization            cinit        0020BA
enleveTuilesAutour@i             cstackBANK0  0000C7
enleveTuilesAutour@j             cstackBANK0  0000C6
enleveTuilesAutour@x             cstackBANK0  0000C3
enleveTuilesAutour@xTabCol       cstackBANK0  0000C4
enleveTuilesAutour@y             cstackBANK0  0000BA
enleveTuilesAutour@yTabLigne     cstackBANK0  0000C5
gagne@compteurBombe              cstackBANK0  0000CA
gagne@i                          cstackBANK0  0000CC
gagne@j                          cstackBANK0  0000CD
gagne@pMines                     cstackBANK0  0000C4
gagne@resteTuiles                cstackBANK0  0000CB
getAnalog@canal                  cstackBANK0  0000B5
initTabVue@i                     cstackBANK0  0000B6
initTabVue@j                     cstackBANK0  0000B7
initTabVue@k                     cstackBANK0  0000B8
intlevel0                        text         000000
intlevel1                        text         000000
intlevel2                        text         000000
intlevel3                        text         000000
lcd_busy@adresse                 cstackBANK0  0000B5
lcd_ecrireDonnees@donnee         cstackBANK0  0000B5
lcd_ecritChar@car                cstackBANK0  0000B7
lcd_ecritChar@posRam             cstackBANK0  0000B8
lcd_gotoXY@x                     cstackBANK0  0000B8
lcd_gotoXY@y                     cstackBANK0  0000B7
lcd_initCGRam@i                  cstackBANK0  0000B9
lcd_initCGRam@j                  cstackBANK0  0000BA
lcd_putMessage@chaine            cstackBANK0  0000B9
lcd_putMessage@j                 cstackBANK0  0000C1
lcd_wrCom@commande               cstackBANK0  0000B6
lcd_wrData@caractere             cstackBANK0  0000B6
main@finPartie                   cstackBANK0  0000F1
main@nbMines                     cstackBANK0  0000F2
main@posX                        cstackBANK0  0000F5
main@posY                        cstackBANK0  0000F4
menuAccueil@F2903                smallconst   000601
menuAccueil@menuMsgs             cstackBANK0  0000C4
metToucheCombien@i               cstackBANK0  0000C9
metToucheCombien@j               cstackBANK0  0000CA
metToucheCombien@k               cstackBANK0  0000C8
metToucheCombien@minesTouche     cstackBANK0  0000C7
rempliMines@mineReste            cstackBANK0  0000CD
rempliMines@nb                   cstackBANK0  0000C8
rempliMines@x                    cstackBANK0  0000CE
rempliMines@y                    cstackBANK0  0000CF
srand@x                          cstackBANK0  0000B4
stackhi                          (abs)        0005FF
stacklo                          (abs)        000194
start                            init         000000
start_initialization             cinit        002062
videMines@i                      cstackBANK0  0000B6
videMines@j                      cstackBANK0  0000B7


FUNCTION INFORMATION:

 *************** function _main *****************
 Defined at:
		line 71 in file "main.c"
 Parameters:    Size  Location     Type
		None
 Auto vars:     Size  Location     Type
  nbMines         2   62[BANK0 ] int 
  posX            1   65[BANK0 ] unsigned char 
  posY            1   64[BANK0 ] unsigned char 
  finPartie       1   61[BANK0 ] unsigned char 
 Return value:  Size  Location     Type
                  1    wreg      void 
 Registers used:
		wreg, fsr0l, fsr0h, fsr1l, fsr1h, fsr2l, fsr2h, status,2, status,0, tblptrl, tblptrh, tblptru, prodl, prodh, cstack
 Tracked objects:
		On entry : 
		On exit  : 
		Unchanged: 
 Data sizes:     COMRAM   BANK0   BANK1   BANK2   BANK3   BANK4   BANK5
      Params:         0       0       0       0       0       0       0
      Locals:         0       5       0       0       0       0       0
      Temps:          0       5       0       0       0       0       0
      Totals:         0      10       0       0       0       0       0
Total ram usage:       10 bytes
 Hardware stack levels required when called:    7
 This function calls:
		_afficheTabMines
		_afficheTabVue
		_demine
		_deplace
		_gagne
		_initTabVue
		_init_serie
		_initialisation
		_lcd_ecritChar
		_lcd_init
		_lcd_montreCurseur
		_menuAccueil
		_metToucheCombien
		_rempliMines
 This function is called by:
		Startup code after reset
 This function uses a non-reentrant model


 *************** function _rempliMines *****************
 Defined at:
		line 216 in file "main.c"
 Parameters:    Size  Location     Type
  nb              2   20[BANK0 ] int 
 Auto vars:     Size  Location     Type
  y               1   27[BANK0 ] unsigned char 
  x               1   26[BANK0 ] unsigned char 
  mineReste       1   25[BANK0 ] unsigned char 
 Return value:  Size  Location     Type
                  1    wreg      void 
 Registers used:
		wreg, fsr2l, fsr2h, status,2, status,0, prodl, prodh, cstack
 Tracked objects:
		On entry : 
		On exit  : 
		Unchanged: 
 Data sizes:     COMRAM   BANK0   BANK1   BANK2   BANK3   BANK4   BANK5
      Params:         0       2       0       0       0       0       0
      Locals:         0       3       0       0       0       0       0
      Temps:          0       3       0       0       0       0       0
      Totals:         0       8       0       0       0       0       0
Total ram usage:        8 bytes
 Hardware stack levels used:    1
 Hardware stack levels required when called:    2
 This function calls:
		___awmod
		_rand
		_videMines
 This function is called by:
		_main
 This function uses a non-reentrant model


 *************** function _videMines *****************
 Defined at:
		line 199 in file "main.c"
 Parameters:    Size  Location     Type
		None
 Auto vars:     Size  Location     Type
  j               1    3[BANK0 ] unsigned char 
  i               1    2[BANK0 ] unsigned char 
 Return value:  Size  Location     Type
                  1    wreg      void 
 Registers used:
		wreg, fsr2l, fsr2h, status,2, status,0, prodl, prodh
 Tracked objects:
		On entry : 
		On exit  : 
		Unchanged: 
 Data sizes:     COMRAM   BANK0   BANK1   BANK2   BANK3   BANK4   BANK5
      Params:         0       0       0       0       0       0       0
      Locals:         0       2       0       0       0       0       0
      Temps:          0       2       0       0       0       0       0
      Totals:         0       4       0       0       0       0       0
Total ram usage:        4 bytes
 Hardware stack levels used:    1
 This function calls:
		Nothing
 This function is called by:
		_rempliMines
 This function uses a non-reentrant model


 *************** function _rand *****************
 Defined at:
		line 12 in file "C:\Program Files (x86)\Microchip\xc8\v2.10\pic\sources\c90\common\rand.c"
 Parameters:    Size  Location     Type
		None
 Auto vars:     Size  Location     Type
		None
 Return value:  Size  Location     Type
                  2   12[BANK0 ] int 
 Registers used:
		wreg, status,2, status,0, cstack
 Tracked objects:
		On entry : 
		On exit  : 
		Unchanged: 
 Data sizes:     COMRAM   BANK0   BANK1   BANK2   BANK3   BANK4   BANK5
      Params:         0       2       0       0       0       0       0
      Locals:         0       0       0       0       0       0       0
      Temps:          0       0       0       0       0       0       0
      Totals:         0       2       0       0       0       0       0
Total ram usage:        2 bytes
 Hardware stack levels used:    1
 Hardware stack levels required when called:    1
 This function calls:
		___lmul
 This function is called by:
		_rempliMines
 This function uses a non-reentrant model


 *************** function ___lmul *****************
 Defined at:
		line 15 in file "C:\Program Files (x86)\Microchip\xc8\v2.10\pic\sources\c90\common\Umul32.c"
 Parameters:    Size  Location     Type
  multiplier      4    0[BANK0 ] unsigned long 
  multiplicand    4    4[BANK0 ] unsigned long 
 Auto vars:     Size  Location     Type
  product         4    8[BANK0 ] unsigned long 
 Return value:  Size  Location     Type
                  4    0[BANK0 ] unsigned long 
 Registers used:
		wreg, status,2, status,0
 Tracked objects:
		On entry : 
		On exit  : 
		Unchanged: 
 Data sizes:     COMRAM   BANK0   BANK1   BANK2   BANK3   BANK4   BANK5
      Params:         0       8       0       0       0       0       0
      Locals:         0       4       0       0       0       0       0
      Temps:          0       0       0       0       0       0       0
      Totals:         0      12       0       0       0       0       0
Total ram usage:       12 bytes
 Hardware stack levels used:    1
 This function calls:
		Nothing
 This function is called by:
		_rand
 This function uses a non-reentrant model


 *************** function ___awmod *****************
 Defined at:
		line 7 in file "C:\Program Files (x86)\Microchip\xc8\v2.10\pic\sources\c90\common\awmod.c"
 Parameters:    Size  Location     Type
  dividend        2   14[BANK0 ] int 
  divisor         2   16[BANK0 ] int 
 Auto vars:     Size  Location     Type
  sign            1   19[BANK0 ] unsigned char 
  counter         1   18[BANK0 ] unsigned char 
 Return value:  Size  Location     Type
                  2   14[BANK0 ] int 
 Registers used:
		wreg, status,2, status,0
 Tracked objects:
		On entry : 
		On exit  : 
		Unchanged: 
 Data sizes:     COMRAM   BANK0   BANK1   BANK2   BANK3   BANK4   BANK5
      Params:         0       4       0       0       0       0       0
      Locals:         0       2       0       0       0       0       0
      Temps:          0       0       0       0       0       0       0
      Totals:         0       6       0       0       0       0       0
Total ram usage:        6 bytes
 Hardware stack levels used:    1
 This function calls:
		Nothing
 This function is called by:
		_rempliMines
 This function uses a non-reentrant model


 *************** function _metToucheCombien *****************
 Defined at:
		line 244 in file "main.c"
 Parameters:    Size  Location     Type
		None
 Auto vars:     Size  Location     Type
  j               1   22[BANK0 ] unsigned char 
  k               1   20[BANK0 ] unsigned char 
  i               1   21[BANK0 ] unsigned char 
  minesTouche     1   19[BANK0 ] unsigned char 
 Return value:  Size  Location     Type
                  1    wreg      void 
 Registers used:
		wreg, fsr2l, fsr2h, status,2, status,0, prodl, prodh, cstack
 Tracked objects:
		On entry : 
		On exit  : 
		Unchanged: 
 Data sizes:     COMRAM   BANK0   BANK1   BANK2   BANK3   BANK4   BANK5
      Params:         0       0       0       0       0       0       0
      Locals:         0       4       0       0       0       0       0
      Temps:          0       3       0       0       0       0       0
      Totals:         0       7       0       0       0       0       0
Total ram usage:        7 bytes
 Hardware stack levels used:    1
 Hardware stack levels required when called:    2
 This function calls:
		_calculToucheCombien
 This function is called by:
		_main
 This function uses a non-reentrant model


 *************** function _calculToucheCombien *****************
 Defined at:
		line 270 in file "main.c"
 Parameters:    Size  Location     Type
  ligne           2    6[BANK0 ] int 
  colonne         2    8[BANK0 ] int 
 Auto vars:     Size  Location     Type
  nombreTouche    1   15[BANK0 ] unsigned char 
 Return value:  Size  Location     Type
                  1    wreg      unsigned char 
 Registers used:
		wreg, fsr2l, fsr2h, status,2, status,0, prodl, prodh, cstack
 Tracked objects:
		On entry : 
		On exit  : 
		Unchanged: 
 Data sizes:     COMRAM   BANK0   BANK1   BANK2   BANK3   BANK4   BANK5
      Params:         0       4       0       0       0       0       0
      Locals:         0       1       0       0       0       0       0
      Temps:          0       5       0       0       0       0       0
      Totals:         0      10       0       0       0       0       0
Total ram usage:       10 bytes
 Hardware stack levels used:    1
 Hardware stack levels required when called:    1
 This function calls:
		___wmul
 This function is called by:
		_metToucheCombien
 This function uses a non-reentrant model


 *************** function _menuAccueil *****************
 Defined at:
		line 132 in file "main.c"
 Parameters:    Size  Location     Type
		None
 Auto vars:     Size  Location     Type
  menuMsgs       40   16[BANK0 ] const unsigned char [20]
 Return value:  Size  Location     Type
                  1    wreg      void 
 Registers used:
		wreg, fsr0l, fsr0h, fsr2l, fsr2h, status,2, status,0, tblptrl, tblptrh, tblptru, cstack
 Tracked objects:
		On entry : 
		On exit  : 
		Unchanged: 
 Data sizes:     COMRAM   BANK0   BANK1   BANK2   BANK3   BANK4   BANK5
      Params:         0       0       0       0       0       0       0
      Locals:         0      40       0       0       0       0       0
      Temps:          0       2       0       0       0       0       0
      Totals:         0      42       0       0       0       0       0
Total ram usage:       42 bytes
 Hardware stack levels used:    1
 Hardware stack levels required when called:    5
 This function calls:
		_lcd_cacheCurseur
		_lcd_curseurHome
		_lcd_effaceAffichage
		_lcd_gotoXY
		_lcd_putMessage
 This function is called by:
		_main
 This function uses a non-reentrant model


 *************** function _lcd_cacheCurseur *****************
 Defined at:
		line 402 in file "Lcd4Lignes.c"
 Parameters:    Size  Location     Type
		None
 Auto vars:     Size  Location     Type
		None
 Return value:  Size  Location     Type
                  1    wreg      void 
 Registers used:
		wreg, status,2, status,0, cstack
 Tracked objects:
		On entry : 
		On exit  : 
		Unchanged: 
 Data sizes:     COMRAM   BANK0   BANK1   BANK2   BANK3   BANK4   BANK5
      Params:         0       0       0       0       0       0       0
      Locals:         0       0       0       0       0       0       0
      Temps:          0       0       0       0       0       0       0
      Totals:         0       0       0       0       0       0       0
Total ram usage:        0 bytes
 Hardware stack levels used:    1
 Hardware stack levels required when called:    3
 This function calls:
		_lcd_wrCom
 This function is called by:
		_menuAccueil
 This function uses a non-reentrant model


 *************** function _lcd_montreCurseur *****************
 Defined at:
		line 413 in file "Lcd4Lignes.c"
 Parameters:    Size  Location     Type
		None
 Auto vars:     Size  Location     Type
		None
 Return value:  Size  Location     Type
                  1    wreg      void 
 Registers used:
		wreg, status,2, status,0, cstack
 Tracked objects:
		On entry : 
		On exit  : 
		Unchanged: 
 Data sizes:     COMRAM   BANK0   BANK1   BANK2   BANK3   BANK4   BANK5
      Params:         0       0       0       0       0       0       0
      Locals:         0       0       0       0       0       0       0
      Temps:          0       0       0       0       0       0       0
      Totals:         0       0       0       0       0       0       0
Total ram usage:        0 bytes
 Hardware stack levels used:    1
 Hardware stack levels required when called:    3
 This function calls:
		_lcd_wrCom
 This function is called by:
		_main
 This function uses a non-reentrant model


 *************** function _lcd_init *****************
 Defined at:
		line 259 in file "Lcd4Lignes.c"
 Parameters:    Size  Location     Type
		None
 Auto vars:     Size  Location     Type
		None
 Return value:  Size  Location     Type
                  1    wreg      void 
 Registers used:
		wreg, fsr2l, fsr2h, status,2, status,0, prodl, prodh, cstack
 Tracked objects:
		On entry : 
		On exit  : 
		Unchanged: 
 Data sizes:     COMRAM   BANK0   BANK1   BANK2   BANK3   BANK4   BANK5
      Params:         0       0       0       0       0       0       0
      Locals:         0       0       0       0       0       0       0
      Temps:          0       0       0       0       0       0       0
      Totals:         0       0       0       0       0       0       0
Total ram usage:        0 bytes
 Hardware stack levels used:    1
 Hardware stack levels required when called:    5
 This function calls:
		_lcd_initCGRam
		_lcd_resetSequence
		_lcd_wrCom
 This function is called by:
		_main
 This function uses a non-reentrant model


 *************** function _lcd_resetSequence *****************
 Defined at:
		line 222 in file "Lcd4Lignes.c"
 Parameters:    Size  Location     Type
		None
 Auto vars:     Size  Location     Type
		None
 Return value:  Size  Location     Type
                  1    wreg      void 
 Registers used:
		wreg, status,2, status,0, cstack
 Tracked objects:
		On entry : 
		On exit  : 
		Unchanged: 
 Data sizes:     COMRAM   BANK0   BANK1   BANK2   BANK3   BANK4   BANK5
      Params:         0       0       0       0       0       0       0
      Locals:         0       0       0       0       0       0       0
      Temps:          0       1       0       0       0       0       0
      Totals:         0       1       0       0       0       0       0
Total ram usage:        1 bytes
 Hardware stack levels used:    1
 Hardware stack levels required when called:    1
 This function calls:
		_lcd_ecrireDonnees
		_lcd_strobeEnableBit
 This function is called by:
		_lcd_init
 This function uses a non-reentrant model


 *************** function _lcd_initCGRam *****************
 Defined at:
		line 418 in file "Lcd4Lignes.c"
 Parameters:    Size  Location     Type
		None
 Auto vars:     Size  Location     Type
  j               1    6[BANK0 ] unsigned char 
  i               1    5[BANK0 ] unsigned char 
 Return value:  Size  Location     Type
                  1    wreg      void 
 Registers used:
		wreg, fsr2l, fsr2h, status,2, status,0, prodl, prodh, cstack
 Tracked objects:
		On entry : 
		On exit  : 
		Unchanged: 
 Data sizes:     COMRAM   BANK0   BANK1   BANK2   BANK3   BANK4   BANK5
      Params:         0       0       0       0       0       0       0
      Locals:         0       2       0       0       0       0       0
      Temps:          0       2       0       0       0       0       0
      Totals:         0       4       0       0       0       0       0
Total ram usage:        4 bytes
 Hardware stack levels used:    1
 Hardware stack levels required when called:    4
 This function calls:
		_lcd_curseurHome
		_lcd_wrCom
		_lcd_wrData
 This function is called by:
		_lcd_init
 This function uses a non-reentrant model


 *************** function _lcd_curseurHome *****************
 Defined at:
		line 289 in file "Lcd4Lignes.c"
 Parameters:    Size  Location     Type
		None
 Auto vars:     Size  Location     Type
		None
 Return value:  Size  Location     Type
                  1    wreg      void 
 Registers used:
		wreg, status,2, status,0, cstack
 Tracked objects:
		On entry : 
		On exit  : 
		Unchanged: 
 Data sizes:     COMRAM   BANK0   BANK1   BANK2   BANK3   BANK4   BANK5
      Params:         0       0       0       0       0       0       0
      Locals:         0       0       0       0       0       0       0
      Temps:          0       0       0       0       0       0       0
      Totals:         0       0       0       0       0       0       0
Total ram usage:        0 bytes
 Hardware stack levels used:    1
 Hardware stack levels required when called:    3
 This function calls:
		_lcd_wrCom
 This function is called by:
		_menuAccueil
		_lcd_initCGRam
 This function uses a non-reentrant model


 *************** function _initialisation *****************
 Defined at:
		line 489 in file "main.c"
 Parameters:    Size  Location     Type
		None
 Auto vars:     Size  Location     Type
		None
 Return value:  Size  Location     Type
                  1    wreg      void 
 Registers used:
		wreg, status,2, cstack
 Tracked objects:
		On entry : 
		On exit  : 
		Unchanged: 
 Data sizes:     COMRAM   BANK0   BANK1   BANK2   BANK3   BANK4   BANK5
      Params:         0       0       0       0       0       0       0
      Locals:         0       0       0       0       0       0       0
      Temps:          0       0       0       0       0       0       0
      Totals:         0       0       0       0       0       0       0
Total ram usage:        0 bytes
 Hardware stack levels used:    1
 Hardware stack levels required when called:    1
 This function calls:
		_srand
 This function is called by:
		_main
 This function uses a non-reentrant model


 *************** function _srand *****************
 Defined at:
		line 6 in file "C:\Program Files (x86)\Microchip\xc8\v2.10\pic\sources\c90\common\rand.c"
 Parameters:    Size  Location     Type
  x               2    0[BANK0 ] unsigned int 
 Auto vars:     Size  Location     Type
		None
 Return value:  Size  Location     Type
                  1    wreg      void 
 Registers used:
		status,2
 Tracked objects:
		On entry : 
		On exit  : 
		Unchanged: 
 Data sizes:     COMRAM   BANK0   BANK1   BANK2   BANK3   BANK4   BANK5
      Params:         0       2       0       0       0       0       0
      Locals:         0       0       0       0       0       0       0
      Temps:          0       0       0       0       0       0       0
      Totals:         0       2       0       0       0       0       0
Total ram usage:        2 bytes
 Hardware stack levels used:    1
 This function calls:
		Nothing
 This function is called by:
		_initialisation
 This function uses a non-reentrant model


 *************** function _init_serie *****************
 Defined at:
		line 30 in file "serie.c"
 Parameters:    Size  Location     Type
		None
 Auto vars:     Size  Location     Type
		None
 Return value:  Size  Location     Type
                  1    wreg      void 
 Registers used:
		wreg, status,2
 Tracked objects:
		On entry : 
		On exit  : 
		Unchanged: 
 Data sizes:     COMRAM   BANK0   BANK1   BANK2   BANK3   BANK4   BANK5
      Params:         0       0       0       0       0       0       0
      Locals:         0       0       0       0       0       0       0
      Temps:          0       0       0       0       0       0       0
      Totals:         0       0       0       0       0       0       0
Total ram usage:        0 bytes
 Hardware stack levels used:    1
 This function calls:
		Nothing
 This function is called by:
		_main
 This function uses a non-reentrant model


 *************** function _initTabVue *****************
 Defined at:
		line 153 in file "main.c"
 Parameters:    Size  Location     Type
		None
 Auto vars:     Size  Location     Type
  j               1    3[BANK0 ] unsigned char 
  k               1    4[BANK0 ] unsigned char 
  i               1    2[BANK0 ] unsigned char 
 Return value:  Size  Location     Type
                  1    wreg      void 
 Registers used:
		wreg, fsr2l, fsr2h, status,2, status,0, prodl, prodh
 Tracked objects:
		On entry : 
		On exit  : 
		Unchanged: 
 Data sizes:     COMRAM   BANK0   BANK1   BANK2   BANK3   BANK4   BANK5
      Params:         0       0       0       0       0       0       0
      Locals:         0       3       0       0       0       0       0
      Temps:          0       2       0       0       0       0       0
      Totals:         0       5       0       0       0       0       0
Total ram usage:        5 bytes
 Hardware stack levels used:    1
 This function calls:
		Nothing
 This function is called by:
		_main
 This function uses a non-reentrant model


 *************** function _gagne *****************
 Defined at:
		line 426 in file "main.c"
 Parameters:    Size  Location     Type
  pMines          2   16[BANK0 ] PTR int 
		 -> main@nbMines(2), 
 Auto vars:     Size  Location     Type
  j               1   25[BANK0 ] unsigned char 
  i               1   24[BANK0 ] unsigned char 
  resteTuiles     1   23[BANK0 ] unsigned char 
  compteurBomb    1   22[BANK0 ] unsigned char 
 Return value:  Size  Location     Type
                  1    wreg      unsigned char 
 Registers used:
		wreg, fsr0l, fsr0h, fsr2l, fsr2h, status,2, status,0, tblptrl, tblptrh, tblptru, prodl, prodh, cstack
 Tracked objects:
		On entry : 
		On exit  : 
		Unchanged: 
 Data sizes:     COMRAM   BANK0   BANK1   BANK2   BANK3   BANK4   BANK5
      Params:         0       2       0       0       0       0       0
      Locals:         0       4       0       0       0       0       0
      Temps:          0       4       0       0       0       0       0
      Totals:         0      10       0       0       0       0       0
Total ram usage:       10 bytes
 Hardware stack levels used:    1
 Hardware stack levels required when called:    6
 This function calls:
		_afficheGagne
 This function is called by:
		_main
 This function uses a non-reentrant model


 *************** function _afficheGagne *****************
 Defined at:
		line 457 in file "main.c"
 Parameters:    Size  Location     Type
		None
 Auto vars:     Size  Location     Type
		None
 Return value:  Size  Location     Type
                  1    wreg      void 
 Registers used:
		wreg, fsr0l, fsr0h, status,2, status,0, tblptrl, tblptrh, tblptru, cstack
 Tracked objects:
		On entry : 
		On exit  : 
		Unchanged: 
 Data sizes:     COMRAM   BANK0   BANK1   BANK2   BANK3   BANK4   BANK5
      Params:         0       0       0       0       0       0       0
      Locals:         0       0       0       0       0       0       0
      Temps:          0       2       0       0       0       0       0
      Totals:         0       2       0       0       0       0       0
Total ram usage:        2 bytes
 Hardware stack levels used:    1
 Hardware stack levels required when called:    5
 This function calls:
		_lcd_effaceAffichage
		_lcd_gotoXY
		_lcd_putMessage
 This function is called by:
		_gagne
 This function uses a non-reentrant model


 *************** function _lcd_effaceAffichage *****************
 Defined at:
		line 277 in file "Lcd4Lignes.c"
 Parameters:    Size  Location     Type
		None
 Auto vars:     Size  Location     Type
		None
 Return value:  Size  Location     Type
                  1    wreg      void 
 Registers used:
		wreg, status,2, status,0, cstack
 Tracked objects:
		On entry : 
		On exit  : 
		Unchanged: 
 Data sizes:     COMRAM   BANK0   BANK1   BANK2   BANK3   BANK4   BANK5
      Params:         0       0       0       0       0       0       0
      Locals:         0       0       0       0       0       0       0
      Temps:          0       0       0       0       0       0       0
      Totals:         0       0       0       0       0       0       0
Total ram usage:        0 bytes
 Hardware stack levels used:    1
 Hardware stack levels required when called:    3
 This function calls:
		_lcd_wrCom
 This function is called by:
		_menuAccueil
		_afficheGagne
 This function uses a non-reentrant model


 *************** function _deplace *****************
 Defined at:
		line 327 in file "main.c"
 Parameters:    Size  Location     Type
  x               2    5[BANK0 ] PTR unsigned char 
		 -> main@posX(1), 
  y               2    7[BANK0 ] PTR unsigned char 
		 -> main@posY(1), 
 Auto vars:     Size  Location     Type
		None
 Return value:  Size  Location     Type
                  1    wreg      void 
 Registers used:
		wreg, fsr2l, fsr2h, status,2, status,0, cstack
 Tracked objects:
		On entry : 
		On exit  : 
		Unchanged: 
 Data sizes:     COMRAM   BANK0   BANK1   BANK2   BANK3   BANK4   BANK5
      Params:         0       4       0       0       0       0       0
      Locals:         0       0       0       0       0       0       0
      Temps:          0       1       0       0       0       0       0
      Totals:         0       5       0       0       0       0       0
Total ram usage:        5 bytes
 Hardware stack levels used:    1
 Hardware stack levels required when called:    4
 This function calls:
		_getAnalog
		_lcd_gotoXY
 This function is called by:
		_main
 This function uses a non-reentrant model


 *************** function _getAnalog *****************
 Defined at:
		line 472 in file "main.c"
 Parameters:    Size  Location     Type
  canal           1    wreg     unsigned char 
 Auto vars:     Size  Location     Type
  canal           1    1[BANK0 ] unsigned char 
 Return value:  Size  Location     Type
                  1    wreg      unsigned char 
 Registers used:
		wreg, status,2, status,0
 Tracked objects:
		On entry : 
		On exit  : 
		Unchanged: 
 Data sizes:     COMRAM   BANK0   BANK1   BANK2   BANK3   BANK4   BANK5
      Params:         0       0       0       0       0       0       0
      Locals:         0       1       0       0       0       0       0
      Temps:          0       1       0       0       0       0       0
      Totals:         0       2       0       0       0       0       0
Total ram usage:        2 bytes
 Hardware stack levels used:    1
 This function calls:
		Nothing
 This function is called by:
		_deplace
 This function uses a non-reentrant model


 *************** function _demine *****************
 Defined at:
		line 364 in file "main.c"
 Parameters:    Size  Location     Type
  x               1    wreg     unsigned char 
  y               1   20[BANK0 ] unsigned char 
 Auto vars:     Size  Location     Type
  x               1   29[BANK0 ] unsigned char 
 Return value:  Size  Location     Type
                  1    wreg      unsigned char 
 Registers used:
		wreg, fsr1l, fsr1h, fsr2l, fsr2h, status,2, status,0, prodl, prodh, cstack
 Tracked objects:
		On entry : 
		On exit  : 
		Unchanged: 
 Data sizes:     COMRAM   BANK0   BANK1   BANK2   BANK3   BANK4   BANK5
      Params:         0       1       0       0       0       0       0
      Locals:         0       1       0       0       0       0       0
      Temps:          0       8       0       0       0       0       0
      Totals:         0      10       0       0       0       0       0
Total ram usage:       10 bytes
 Hardware stack levels used:    1
 Hardware stack levels required when called:    5
 This function calls:
		_enleveTuilesAutour
		_lcd_ecritChar
 This function is called by:
		_main
 This function uses a non-reentrant model


 *************** function _enleveTuilesAutour *****************
 Defined at:
		line 387 in file "main.c"
 Parameters:    Size  Location     Type
  x               1    wreg     unsigned char 
  y               1    6[BANK0 ] unsigned char 
 Auto vars:     Size  Location     Type
  x               1   15[BANK0 ] unsigned char 
  i               1   19[BANK0 ] char 
  j               1   18[BANK0 ] char 
  yTabLigne       1   17[BANK0 ] unsigned char 
  xTabCol         1   16[BANK0 ] unsigned char 
 Return value:  Size  Location     Type
                  1    wreg      void 
 Registers used:
		wreg, fsr1l, fsr1h, fsr2l, fsr2h, status,2, status,0, prodl, prodh, cstack
 Tracked objects:
		On entry : 
		On exit  : 
		Unchanged: 
 Data sizes:     COMRAM   BANK0   BANK1   BANK2   BANK3   BANK4   BANK5
      Params:         0       1       0       0       0       0       0
      Locals:         0       5       0       0       0       0       0
      Temps:          0       8       0       0       0       0       0
      Totals:         0      14       0       0       0       0       0
Total ram usage:       14 bytes
 Hardware stack levels used:    1
 Hardware stack levels required when called:    4
 This function calls:
		___wmul
		_lcd_ecritChar
		_lcd_gotoXY
 This function is called by:
		_demine
 This function uses a non-reentrant model


 *************** function ___wmul *****************
 Defined at:
		line 15 in file "C:\Program Files (x86)\Microchip\xc8\v2.10\pic\sources\c90\common\Umul16.c"
 Parameters:    Size  Location     Type
  multiplier      2    0[BANK0 ] unsigned int 
  multiplicand    2    2[BANK0 ] unsigned int 
 Auto vars:     Size  Location     Type
  product         2    4[BANK0 ] unsigned int 
 Return value:  Size  Location     Type
                  2    0[BANK0 ] unsigned int 
 Registers used:
		wreg, status,2, status,0, prodl, prodh
 Tracked objects:
		On entry : 
		On exit  : 
		Unchanged: 
 Data sizes:     COMRAM   BANK0   BANK1   BANK2   BANK3   BANK4   BANK5
      Params:         0       4       0       0       0       0       0
      Locals:         0       2       0       0       0       0       0
      Temps:          0       0       0       0       0       0       0
      Totals:         0       6       0       0       0       0       0
Total ram usage:        6 bytes
 Hardware stack levels used:    1
 This function calls:
		Nothing
 This function is called by:
		_calculToucheCombien
		_enleveTuilesAutour
 This function uses a non-reentrant model


 *************** function _afficheTabVue *****************
 Defined at:
		line 172 in file "main.c"
 Parameters:    Size  Location     Type
		None
 Auto vars:     Size  Location     Type
  i               1   16[BANK0 ] unsigned char 
 Return value:  Size  Location     Type
                  1    wreg      void 
 Registers used:
		wreg, fsr0l, fsr0h, status,2, status,0, tblptrl, tblptrh, tblptru, prodl, prodh, cstack
 Tracked objects:
		On entry : 
		On exit  : 
		Unchanged: 
 Data sizes:     COMRAM   BANK0   BANK1   BANK2   BANK3   BANK4   BANK5
      Params:         0       0       0       0       0       0       0
      Locals:         0       1       0       0       0       0       0
      Temps:          0       2       0       0       0       0       0
      Totals:         0       3       0       0       0       0       0
Total ram usage:        3 bytes
 Hardware stack levels used:    1
 Hardware stack levels required when called:    5
 This function calls:
		_lcd_gotoXY
		_lcd_putMessage
 This function is called by:
		_main
 This function uses a non-reentrant model


 *************** function _afficheTabMines *****************
 Defined at:
		line 186 in file "main.c"
 Parameters:    Size  Location     Type
		None
 Auto vars:     Size  Location     Type
  i               1   16[BANK0 ] unsigned char 
 Return value:  Size  Location     Type
                  1    wreg      void 
 Registers used:
		wreg, fsr0l, fsr0h, status,2, status,0, tblptrl, tblptrh, tblptru, prodl, prodh, cstack
 Tracked objects:
		On entry : 
		On exit  : 
		Unchanged: 
 Data sizes:     COMRAM   BANK0   BANK1   BANK2   BANK3   BANK4   BANK5
      Params:         0       0       0       0       0       0       0
      Locals:         0       1       0       0       0       0       0
      Temps:          0       2       0       0       0       0       0
      Totals:         0       3       0       0       0       0       0
Total ram usage:        3 bytes
 Hardware stack levels used:    1
 Hardware stack levels required when called:    5
 This function calls:
		_lcd_gotoXY
		_lcd_putMessage
 This function is called by:
		_main
 This function uses a non-reentrant model


 *************** function _lcd_putMessage *****************
 Defined at:
		line 388 in file "Lcd4Lignes.c"
 Parameters:    Size  Location     Type
  chaine          3    5[BANK0 ] PTR const unsigned char 
		 -> STR_2(8), STR_1(9), m_tabMines(84), menuAccueil@menuMsgs(40), 
		 -> m_tabVue(84), 
 Auto vars:     Size  Location     Type
  j               1   13[BANK0 ] unsigned char 
 Return value:  Size  Location     Type
                  1    wreg      void 
 Registers used:
		wreg, fsr0l, fsr0h, status,2, status,0, tblptrl, tblptrh, tblptru, cstack
 Tracked objects:
		On entry : 
		On exit  : 
		Unchanged: 
 Data sizes:     COMRAM   BANK0   BANK1   BANK2   BANK3   BANK4   BANK5
      Params:         0       3       0       0       0       0       0
      Locals:         0       1       0       0       0       0       0
      Temps:          0       5       0       0       0       0       0
      Totals:         0       9       0       0       0       0       0
Total ram usage:        9 bytes
 Hardware stack levels used:    1
 Hardware stack levels required when called:    4
 This function calls:
		_lcd_ecritChar
 This function is called by:
		_menuAccueil
		_afficheTabVue
		_afficheTabMines
		_afficheGagne
 This function uses a non-reentrant model


 *************** function _lcd_ecritChar *****************
 Defined at:
		line 360 in file "Lcd4Lignes.c"
 Parameters:    Size  Location     Type
  car             1    wreg     unsigned char 
 Auto vars:     Size  Location     Type
  car             1    3[BANK0 ] unsigned char 
  posRam          1    4[BANK0 ] unsigned char 
 Return value:  Size  Location     Type
                  1    wreg      void 
 Registers used:
		wreg, status,2, status,0, cstack
 Tracked objects:
		On entry : 
		On exit  : 
		Unchanged: 
 Data sizes:     COMRAM   BANK0   BANK1   BANK2   BANK3   BANK4   BANK5
      Params:         0       0       0       0       0       0       0
      Locals:         0       2       0       0       0       0       0
      Temps:          0       0       0       0       0       0       0
      Totals:         0       2       0       0       0       0       0
Total ram usage:        2 bytes
 Hardware stack levels used:    1
 Hardware stack levels required when called:    3
 This function calls:
		_lcd_wrCom
		_lcd_wrData
 This function is called by:
		_main
		_demine
		_enleveTuilesAutour
		_lcd_putMessage
 This function uses a non-reentrant model


 *************** function _lcd_wrData *****************
 Defined at:
		line 189 in file "Lcd4Lignes.c"
 Parameters:    Size  Location     Type
  caractere       1    wreg     unsigned char 
 Auto vars:     Size  Location     Type
  caractere       1    2[BANK0 ] unsigned char 
 Return value:  Size  Location     Type
                  1    wreg      unsigned char 
 Registers used:
		wreg, status,2, status,0, cstack
 Tracked objects:
		On entry : 
		On exit  : 
		Unchanged: 
 Data sizes:     COMRAM   BANK0   BANK1   BANK2   BANK3   BANK4   BANK5
      Params:         0       0       0       0       0       0       0
      Locals:         0       1       0       0       0       0       0
      Temps:          0       0       0       0       0       0       0
      Totals:         0       1       0       0       0       0       0
Total ram usage:        1 bytes
 Hardware stack levels used:    1
 Hardware stack levels required when called:    2
 This function calls:
		_lcd_busy
		_lcd_ecrireDonnees
		_lcd_strobeEnableBit
 This function is called by:
		_lcd_ecritChar
		_lcd_initCGRam
		_lcd_effaceChar
 This function uses a non-reentrant model


 *************** function _lcd_gotoXY *****************
 Defined at:
		line 315 in file "Lcd4Lignes.c"
 Parameters:    Size  Location     Type
  x               1    wreg     unsigned char 
  y               1    3[BANK0 ] unsigned char 
 Auto vars:     Size  Location     Type
  x               1    4[BANK0 ] unsigned char 
 Return value:  Size  Location     Type
                  1    wreg      void 
 Registers used:
		wreg, status,2, status,0, cstack
 Tracked objects:
		On entry : 
		On exit  : 
		Unchanged: 
 Data sizes:     COMRAM   BANK0   BANK1   BANK2   BANK3   BANK4   BANK5
      Params:         0       1       0       0       0       0       0
      Locals:         0       1       0       0       0       0       0
      Temps:          0       0       0       0       0       0       0
      Totals:         0       2       0       0       0       0       0
Total ram usage:        2 bytes
 Hardware stack levels used:    1
 Hardware stack levels required when called:    3
 This function calls:
		_lcd_wrCom
 This function is called by:
		_menuAccueil
		_afficheTabVue
		_afficheTabMines
		_deplace
		_enleveTuilesAutour
		_afficheGagne
		_lcd_effaceLigne
 This function uses a non-reentrant model


 *************** function _lcd_wrCom *****************
 Defined at:
		line 157 in file "Lcd4Lignes.c"
 Parameters:    Size  Location     Type
  commande        1    wreg     unsigned char 
 Auto vars:     Size  Location     Type
  commande        1    2[BANK0 ] unsigned char 
 Return value:  Size  Location     Type
                  1    wreg      unsigned char 
 Registers used:
		wreg, status,2, status,0, cstack
 Tracked objects:
		On entry : 
		On exit  : 
		Unchanged: 
 Data sizes:     COMRAM   BANK0   BANK1   BANK2   BANK3   BANK4   BANK5
      Params:         0       0       0       0       0       0       0
      Locals:         0       1       0       0       0       0       0
      Temps:          0       0       0       0       0       0       0
      Totals:         0       1       0       0       0       0       0
Total ram usage:        1 bytes
 Hardware stack levels used:    1
 Hardware stack levels required when called:    2
 This function calls:
		_lcd_busy
		_lcd_ecrireDonnees
		_lcd_strobeEnableBit
 This function is called by:
		_lcd_init
		_lcd_effaceAffichage
		_lcd_curseurHome
		_lcd_gotoXY
		_lcd_ecritChar
		_lcd_cacheCurseur
		_lcd_montreCurseur
		_lcd_initCGRam
 This function uses a non-reentrant model


 *************** function _lcd_strobeEnableBit *****************
 Defined at:
		line 432 in file "Lcd4Lignes.c"
 Parameters:    Size  Location     Type
		None
 Auto vars:     Size  Location     Type
		None
 Return value:  Size  Location     Type
                  1    wreg      void 
 Registers used:
		None
 Tracked objects:
		On entry : 
		On exit  : 
		Unchanged: 
 Data sizes:     COMRAM   BANK0   BANK1   BANK2   BANK3   BANK4   BANK5
      Params:         0       0       0       0       0       0       0
      Locals:         0       0       0       0       0       0       0
      Temps:          0       0       0       0       0       0       0
      Totals:         0       0       0       0       0       0       0
Total ram usage:        0 bytes
 Hardware stack levels used:    1
 This function calls:
		Nothing
 This function is called by:
		_lcd_wrCom
		_lcd_wrData
		_lcd_resetSequence
 This function uses a non-reentrant model


 *************** function _lcd_ecrireDonnees *****************
 Defined at:
		line 108 in file "Lcd4Lignes.c"
 Parameters:    Size  Location     Type
  donnee          1    wreg     unsigned char 
 Auto vars:     Size  Location     Type
  donnee          1    1[BANK0 ] unsigned char 
 Return value:  Size  Location     Type
                  1    wreg      void 
 Registers used:
		wreg, status,2, status,0
 Tracked objects:
		On entry : 
		On exit  : 
		Unchanged: 
 Data sizes:     COMRAM   BANK0   BANK1   BANK2   BANK3   BANK4   BANK5
      Params:         0       0       0       0       0       0       0
      Locals:         0       1       0       0       0       0       0
      Temps:          0       1       0       0       0       0       0
      Totals:         0       2       0       0       0       0       0
Total ram usage:        2 bytes
 Hardware stack levels used:    1
 This function calls:
		Nothing
 This function is called by:
		_lcd_wrCom
		_lcd_wrData
		_lcd_resetSequence
 This function uses a non-reentrant model


 *************** function _lcd_busy *****************
 Defined at:
		line 125 in file "Lcd4Lignes.c"
 Parameters:    Size  Location     Type
		None
 Auto vars:     Size  Location     Type
  adresse         1    1[BANK0 ] unsigned char 
 Return value:  Size  Location     Type
                  1    wreg      unsigned char 
 Registers used:
		wreg, status,2, status,0, cstack
 Tracked objects:
		On entry : 
		On exit  : 
		Unchanged: 
 Data sizes:     COMRAM   BANK0   BANK1   BANK2   BANK3   BANK4   BANK5
      Params:         0       0       0       0       0       0       0
      Locals:         0       1       0       0       0       0       0
      Temps:          0       1       0       0       0       0       0
      Totals:         0       2       0       0       0       0       0
Total ram usage:        2 bytes
 Hardware stack levels used:    1
 Hardware stack levels required when called:    1
 This function calls:
		_lcd_lireDonnees
 This function is called by:
		_lcd_wrCom
		_lcd_wrData
 This function uses a non-reentrant model


 *************** function _lcd_lireDonnees *****************
 Defined at:
		line 94 in file "Lcd4Lignes.c"
 Parameters:    Size  Location     Type
		None
 Auto vars:     Size  Location     Type
		None
 Return value:  Size  Location     Type
                  1    wreg      unsigned char 
 Registers used:
		wreg, status,2, status,0
 Tracked objects:
		On entry : 
		On exit  : 
		Unchanged: 
 Data sizes:     COMRAM   BANK0   BANK1   BANK2   BANK3   BANK4   BANK5
      Params:         0       0       0       0       0       0       0
      Locals:         0       0       0       0       0       0       0
      Temps:          0       0       0       0       0       0       0
      Totals:         0       0       0       0       0       0       0
Total ram usage:        0 bytes
 Hardware stack levels used:    1
 This function calls:
		Nothing
 This function is called by:
		_lcd_busy
 This function uses a non-reentrant model



MODULE INFORMATION

Module		Function		Class		Link	Load	Size
C:\Program Files (x86)\Microchip\xc8\v2.10\pic\sources\c90\common\Umul16.c
		___wmul        		CODE           	22A8	0000	41

C:\Program Files (x86)\Microchip\xc8\v2.10\pic\sources\c90\common\Umul16.c estimated size: 41

C:\Program Files (x86)\Microchip\xc8\v2.10\pic\sources\c90\common\Umul32.c
		___lmul        		CODE           	1EB6	0000	109

C:\Program Files (x86)\Microchip\xc8\v2.10\pic\sources\c90\common\Umul32.c estimated size: 109

Lcd4Lignes.c
		_lcd_ecrireDonnees		CODE           	22EE	0000	29
		_lcd_busy      		CODE           	216A	0000	67
		_lcd_curseurHome		CODE           	2338	0000	9
		_lcd_initCGRam 		CODE           	1BAA	0000	163
		_lcd_effaceAffichage		CODE           	231A	0000	15
		_lcd_wrData    		CODE           	2220	0000	53
		_lcd_putMessage		CODE           	1A44	0000	181
		_lcd_resetSequence		CODE           	1F8E	0000	107
		_lcd_lireDonnees		CODE           	2348	0000	7
		_lcd_cacheCurseur		CODE           	2328	0000	9
		_lcd_gotoXY    		CODE           	1D68	0000	115
		_lcd_wrCom     		CODE           	1F22	0000	109
		_lcd_ecritChar 		CODE           	2116	0000	85
		_lcd_montreCurseur		CODE           	2330	0000	9
		_lcd_init      		CODE           	2280	0000	41
		_lcd_strobeEnableBit		CODE           	2340	0000	9

Lcd4Lignes.c estimated size: 1008

shared
		menuAccueil@F2903		SMALLCONST     	0601	0000	41
		__initialization		CODE           	2062	0000	89

shared estimated size: 130

serie.c
		_init_serie    		CODE           	22D0	0000	31

serie.c estimated size: 31

C:\Program Files (x86)\Microchip\xc8\v2.10\pic\sources\c90\common\awmod.c
		___awmod       		CODE           	1AF8	0000	179

C:\Program Files (x86)\Microchip\xc8\v2.10\pic\sources\c90\common\awmod.c estimated size: 179

main.c
		_initialisation		CODE           	21EC	0000	53
		_afficheGagne  		CODE           	1FF8	0000	107
		_afficheTabVue 		CODE           	1DDA	0000	111
		_metToucheCombien		CODE           	155E	0000	449
		_main          		CODE           	131E	0000	577
		_initTabVue    		CODE           	18A4	0000	223
		_rempliMines   		CODE           	1982	0000	195
		_getAnalog     		CODE           	2254	0000	45
		_gagne         		CODE           	0E44	0000	633
		_calculToucheCombien		CODE           	063C	0000	1167
		_enleveTuilesAutour		CODE           	0ACA	0000	891
		_menuAccueil   		CODE           	1CE2	0000	135
		_afficheTabMines		CODE           	1E48	0000	111
		_videMines     		CODE           	1C4C	0000	151
		_deplace       		CODE           	171E	0000	391
		_demine        		CODE           	10BC	0000	611

main.c estimated size: 5850

C:\Program Files (x86)\Microchip\xc8\v2.10\pic\sources\c90\common\rand.c
		_srand         		CODE           	230A	0000	17
		_rand          		CODE           	20C0	0000	87

C:\Program Files (x86)\Microchip\xc8\v2.10\pic\sources\c90\common\rand.c estimated size: 104

